2026-10-09 10:13:34,376 [INFO] stage05_lock_lime_config: ================================================================================
2026-10-09 10:13:34,377 [INFO] stage05_lock_lime_config: GĐ 5: CHỐT CẤU HÌNH LIME TRÊN TẬP DEV
2026-10-09 10:13:34,377 [INFO] stage05_lock_lime_config: ================================================================================
2026-10-09 10:13:36,730 [INFO] stage05_lock_lime_config: Nạp 250 flow_id từ tập dev: C:\Users\LOQ\Downloads\SELF_KLTN\RQ2\runs\20261009\gd3_cohorts\dev_ids.csv
2026-10-09 10:13:36,869 [INFO] stage05_lock_lime_config: Background cho LimeTabularExplainer: mẫu 2000 dòng từ train_set (seed=42)
2026-10-09 10:13:36,874 [INFO] stage05_lock_lime_config: Lưới tìm kiếm trên mẫu con 150 / 250 flow của tập dev
2026-10-09 10:13:45,503 [INFO] stage05_lock_lime_config:   kw=3.312    disc=True  ns=1000   -> median_R2=0.1751 mean_R2=0.1983 frac>=gate=11.33% thời gian=8.6s
2026-10-09 10:14:07,605 [INFO] stage05_lock_lime_config:   kw=3.312    disc=True  ns=5000   -> median_R2=0.1144 mean_R2=0.1169 frac>=gate=0.00% thời gian=22.1s
2026-10-09 10:15:02,247 [INFO] stage05_lock_lime_config:   kw=3.312    disc=True  ns=10000  -> median_R2=0.1104 mean_R2=0.1079 frac>=gate=0.00% thời gian=54.6s
2026-10-09 10:15:05,621 [INFO] stage05_lock_lime_config:   kw=3.312    disc=False ns=1000   -> median_R2=0.2469 mean_R2=0.2909 frac>=gate=31.33% thời gian=3.4s
2026-10-09 10:15:15,807 [INFO] stage05_lock_lime_config:   kw=3.312    disc=False ns=5000   -> median_R2=0.1517 mean_R2=0.1623 frac>=gate=2.67% thời gian=10.2s
2026-10-09 10:15:35,666 [INFO] stage05_lock_lime_config:   kw=3.312    disc=False ns=10000  -> median_R2=0.1353 mean_R2=0.1393 frac>=gate=4.67% thời gian=19.9s
2026-10-09 10:15:48,244 [INFO] stage05_lock_lime_config:   kw=6.624    disc=True  ns=1000   -> median_R2=0.1671 mean_R2=0.1710 frac>=gate=1.33% thời gian=12.6s
2026-10-09 10:16:18,636 [INFO] stage05_lock_lime_config:   kw=6.624    disc=True  ns=5000   -> median_R2=0.1149 mean_R2=0.1162 frac>=gate=1.33% thời gian=30.4s
2026-10-09 10:16:55,085 [INFO] stage05_lock_lime_config:   kw=6.624    disc=True  ns=10000  -> median_R2=0.1111 mean_R2=0.1082 frac>=gate=0.00% thời gian=36.4s
2026-10-09 10:16:58,182 [INFO] stage05_lock_lime_config:   kw=6.624    disc=False ns=1000   -> median_R2=0.1909 mean_R2=0.1819 frac>=gate=1.33% thời gian=3.1s
2026-10-09 10:17:08,246 [INFO] stage05_lock_lime_config:   kw=6.624    disc=False ns=5000   -> median_R2=0.1377 mean_R2=0.1247 frac>=gate=0.67% thời gian=10.1s
2026-10-09 10:17:26,024 [INFO] stage05_lock_lime_config:   kw=6.624    disc=False ns=10000  -> median_R2=0.1325 mean_R2=0.1172 frac>=gate=0.67% thời gian=17.8s
2026-10-09 10:17:34,902 [INFO] stage05_lock_lime_config:   kw=13.248   disc=True  ns=1000   -> median_R2=0.1672 mean_R2=0.1691 frac>=gate=1.33% thời gian=8.9s
2026-10-09 10:17:56,538 [INFO] stage05_lock_lime_config:   kw=13.248   disc=True  ns=5000   -> median_R2=0.1150 mean_R2=0.1167 frac>=gate=1.33% thời gian=21.6s
2026-10-09 10:18:34,732 [INFO] stage05_lock_lime_config:   kw=13.248   disc=True  ns=10000  -> median_R2=0.1113 mean_R2=0.1085 frac>=gate=0.00% thời gian=38.2s
2026-10-09 10:18:37,711 [INFO] stage05_lock_lime_config:   kw=13.248   disc=False ns=1000   -> median_R2=0.1878 mean_R2=0.1683 frac>=gate=0.00% thời gian=3.0s
2026-10-09 10:18:47,762 [INFO] stage05_lock_lime_config:   kw=13.248   disc=False ns=5000   -> median_R2=0.1373 mean_R2=0.1194 frac>=gate=0.00% thời gian=10.1s
2026-10-09 10:19:05,582 [INFO] stage05_lock_lime_config:   kw=13.248   disc=False ns=10000  -> median_R2=0.1319 mean_R2=0.1141 frac>=gate=0.00% thời gian=17.8s
2026-10-09 10:19:05,590 [INFO] stage05_lock_lime_config: Đã lưu lưới kết quả: C:\Users\LOQ\Downloads\SELF_KLTN\RQ2\runs\20261009\gd5_lime_dev_tuning\lime_dev_grid_results.csv
2026-10-09 10:19:05,592 [INFO] stage05_lock_lime_config: QUY TẮC CHỌN: median_R2 cao nhất (=0.2469), hoà (<1e-3) thì chọn thời gian thấp nhất.
2026-10-09 10:19:05,592 [INFO] stage05_lock_lime_config: Cấu hình được chọn: {'kernel_width': 3.312, 'discretize_continuous': False, 'num_samples': 1000, 'median_r2': 0.24687926059936488, 'mean_r2': 0.290905023903585, 'frac_r2_pass_gate': 0.31333333333333335, 'mean_time_sec': 0.022468813260396323, 'total_time_sec': 3.3739640712738037, 'n_flows': 150}
2026-10-09 10:19:10,964 [INFO] stage05_lock_lime_config: Xác nhận cấu hình chốt trên TOÀN BỘ tập dev (250 flow): median_R2=0.2582, frac>=gate=38.40%, thời gian=5.4s
2026-10-09 10:19:10,965 [WARNING] stage05_lock_lime_config: Local R2 trung vị trên tập dev (0.2582) THẤP HƠN ngưỡng quality gate (0.30). Đây là GIỚI HẠN THỰC SỰ của LIME trên dữ liệu này — không ép đẹp, ghi nhận và tiếp tục.
2026-10-09 10:19:10,977 [INFO] stage05_lock_lime_config: Đã ghi lime.locked_config vào RQ2/config.yaml: {'kernel_width': 3.312, 'num_samples': 1000, 'discretize_continuous': False, 'num_features': 78, 'background_sample_size': 2000, 'background_seed': 42, 'selection_rule': 'highest median_r2 on dev-grid-subsample; ties within 1e-3 broken by lowest total_time_sec', 'dev_grid_sample_size': 150}
2026-10-09 10:19:10,979 [INFO] stage05_lock_lime_config: GĐ 5 HOÀN TẤT.
