Collecting numpy
  Using cached numpy-2.5.3-cp314-cp314-win_amd64.whl.metadata (6.6 kB)
Collecting pandas
  Using cached pandas-3.0.6-cp314-cp314-win_amd64.whl.metadata (19 kB)
Collecting pyarrow
  Using cached pyarrow-25.0.1-cp314-cp314-win_amd64.whl.metadata (3.0 kB)
Collecting scikit-learn
  Using cached scikit_learn-1.9.1-cp314-cp314-win_amd64.whl.metadata (9.3 kB)
Collecting xgboost
  Using cached xgboost-3.4.1-py3-none-win_amd64.whl.metadata (2.0 kB)
Collecting shap
  Using cached shap-0.52.0-cp312-abi3-win_amd64.whl.metadata (26 kB)
Collecting joblib
  Using cached joblib-1.6.0-py3-none-any.whl.metadata (6.5 kB)
Collecting python-dateutil>=2.8.2 (from pandas)
  Using cached python_dateutil-2.9.0.post0-py2.py3-none-any.whl.metadata (8.4 kB)
Collecting tzdata (from pandas)
  Using cached tzdata-2026.4-py2.py3-none-any.whl.metadata (1.4 kB)
Collecting scipy>=1.10.0 (from scikit-learn)
  Using cached scipy-1.18.1-cp314-cp314-win_amd64.whl.metadata (61 kB)
Collecting narwhals>=2.0.1 (from scikit-learn)
  Using cached narwhals-2.26.0-py3-none-any.whl.metadata (15 kB)
Collecting threadpoolctl>=3.5.0 (from scikit-learn)
  Using cached threadpoolctl-3.7.0-py3-none-any.whl.metadata (24 kB)
Collecting tqdm>=4.27.0 (from shap)
  Using cached tqdm-4.70.1-py3-none-any.whl.metadata (57 kB)
Collecting packaging>20.9 (from shap)
  Using cached packaging-26.3-py3-none-any.whl.metadata (3.5 kB)
Collecting slicer==0.0.8 (from shap)
  Using cached slicer-0.0.8-py3-none-any.whl.metadata (4.0 kB)
Collecting numba (from shap)
  Using cached numba-0.67.0-cp314-cp314-win_amd64.whl.metadata (2.8 kB)
Collecting llvmlite (from shap)
  Using cached llvmlite-0.49.0-cp314-cp314-win_amd64.whl.metadata (5.2 kB)
Collecting cloudpickle (from shap)
  Using cached cloudpickle-3.1.2-py3-none-any.whl.metadata (7.1 kB)
Collecting six>=1.5 (from python-dateutil>=2.8.2->pandas)
  Using cached six-1.17.0-py2.py3-none-any.whl.metadata (1.7 kB)
Collecting colorama (from tqdm>=4.27.0->shap)
  Using cached colorama-0.4.6-py2.py3-none-any.whl.metadata (17 kB)
Using cached numpy-2.5.3-cp314-cp314-win_amd64.whl (12.7 MB)
Using cached pandas-3.0.6-cp314-cp314-win_amd64.whl (9.8 MB)
Using cached pyarrow-25.0.1-cp314-cp314-win_amd64.whl (28.6 MB)
Using cached scikit_learn-1.9.1-cp314-cp314-win_amd64.whl (8.4 MB)
Using cached xgboost-3.4.1-py3-none-win_amd64.whl (48.9 MB)
Using cached shap-0.52.0-cp312-abi3-win_amd64.whl (499 kB)
Using cached slicer-0.0.8-py3-none-any.whl (15 kB)
Using cached joblib-1.6.0-py3-none-any.whl (306 kB)
Using cached cloudpickle-3.1.2-py3-none-any.whl (22 kB)
Using cached narwhals-2.26.0-py3-none-any.whl (474 kB)
Using cached packaging-26.3-py3-none-any.whl (129 kB)
Using cached python_dateutil-2.9.0.post0-py2.py3-none-any.whl (229 kB)
Using cached scipy-1.18.1-cp314-cp314-win_amd64.whl (37.4 MB)
Using cached six-1.17.0-py2.py3-none-any.whl (11 kB)
Using cached threadpoolctl-3.7.0-py3-none-any.whl (26 kB)
Using cached tqdm-4.70.1-py3-none-any.whl (80 kB)
Using cached colorama-0.4.6-py2.py3-none-any.whl (25 kB)
Downloading llvmlite-0.49.0-cp314-cp314-win_amd64.whl (43.0 MB)
   ---------------------------------------- 43.0/43.0 MB 202.5 kB/s  0:03:01
Downloading numba-0.67.0-cp314-cp314-win_amd64.whl (2.8 MB)
   ---------------------------------------- 2.8/2.8 MB 316.9 kB/s  0:00:10
Downloading tzdata-2026.4-py2.py3-none-any.whl (347 kB)
Installing collected packages: tzdata, threadpoolctl, slicer, six, pyarrow, packaging, numpy, narwhals, llvmlite, colorama, cloudpickle, tqdm, scipy, python-dateutil, numba, joblib, xgboost, scikit-learn, pandas, shap

Successfully installed cloudpickle-3.1.2 colorama-0.4.6 joblib-1.6.0 llvmlite-0.49.0 narwhals-2.26.0 numba-0.67.0 numpy-2.5.3 packaging-26.3 pandas-3.0.6 pyarrow-25.0.1 python-dateutil-2.9.0.post0 scikit-learn-1.9.1 scipy-1.18.1 shap-0.52.0 six-1.17.0 slicer-0.0.8 threadpoolctl-3.7.0 tqdm-4.70.1 tzdata-2026.4 xgboost-3.4.1
